
[1m[46m RUN [49m[22m [36mv4.0.17 [39m[90mC:/Development/webapps/react/image-lemgendizer-old[39m

 [32mΓ£ô[39m src/utils/__tests__/renameUtils.test.ts [2m([22m[2m17 tests[22m[2m)[22m[32m 17[2mms[22m[39m
 [32mΓ£ô[39m src/utils/__tests__/themeUtils.test.ts [2m([22m[2m8 tests[22m[2m)[22m[32m 20[2mms[22m[39m
 [32mΓ£ô[39m src/processors/__tests__/filterProcessor.test.ts [2m([22m[2m5 tests[22m[2m)[22m[32m 29[2mms[22m[39m
 [32mΓ£ô[39m src/utils/__tests__/orchestrateCustomProcessing.test.ts [2m([22m[2m3 tests[22m[2m)[22m[33m 371[2mms[22m[39m
 [32mΓ£ô[39m src/processors/__tests__/templateProcessor.test.ts [2m([22m[2m12 tests[22m[2m)[22m[32m 17[2mms[22m[39m
 [32mΓ£ô[39m src/processors/__tests__/colorCorrection.test.ts [2m([22m[2m2 tests[22m[2m)[22m[32m 15[2mms[22m[39m
 [32mΓ£ô[39m src/processors/__tests__/exportProcessor.test.ts [2m([22m[2m11 tests[22m[2m)[22m[32m 31[2mms[22m[39m
 [32mΓ£ô[39m src/processors/__tests__/cropProcessor.test.ts [2m([22m[2m8 tests[22m[2m)[22m[32m 14[2mms[22m[39m
 [32mΓ£ô[39m src/__tests__/ui-integration/FilterFlow.test.tsx [2m([22m[2m4 tests[22m[2m)[22m[33m 430[2mms[22m[39m
 [31mΓ¥»[39m src/__tests__/ui-integration/ColorCorrectionFlow.test.tsx [2m([22m[2m0 test[22m[2m)[22m
 [32mΓ£ô[39m src/__tests__/ui-integration/ResizeFlow.test.tsx [2m([22m[2m1 test[22m[2m)[22m[33m 2089[2mms[22m[39m
     [33m[2mΓ£ô[22m[39m allows user to enable resize and set dimensions [33m 2085[2mms[22m[39m
 [32mΓ£ô[39m src/__tests__/ui-integration/SVGProcessingFlow.test.tsx [2m([22m[2m1 test[22m[2m)[22m[33m 2251[2mms[22m[39m
     [33m[2mΓ£ô[22m[39m handles SVG upload and allows processing [33m 2247[2mms[22m[39m
 [32mΓ£ô[39m src/__tests__/ui-integration/TiffProcessingFlow.test.tsx [2m([22m[2m1 test[22m[2m)[22m[33m 2650[2mms[22m[39m
     [33m[2mΓ£ô[22m[39m handles TIFF upload and triggers conversion logic during processing [33m 2646[2mms[22m[39m
 [32mΓ£ô[39m src/utils/__tests__/fileUtils.test.ts [2m([22m[2m8 tests[22m[2m)[22m[32m 14[2mms[22m[39m
 [32mΓ£ô[39m src/__tests__/ui-integration/AppFlow.test.tsx [2m([22m[2m3 tests[22m[2m)[22m[33m 3360[2mms[22m[39m
     [33m[2mΓ£ô[22m[39m renders the application and shows main sections [33m 1343[2mms[22m[39m
     [33m[2mΓ£ô[22m[39m toggles between Custom and Template processing tabs after upload [33m 1972[2mms[22m[39m
 [32mΓ£ô[39m src/utils/__tests__/validationUtils.test.ts [2m([22m[2m6 tests[22m[2m)[22m[32m 22[2mms[22m[39m
 [32mΓ£ô[39m src/__tests__/ui-integration/CropFlow.test.tsx [2m([22m[2m1 test[22m[2m)[22m[33m 4908[2mms[22m[39m
     [33m[2mΓ£ô[22m[39m allows user to enable crop and select center position [33m 4904[2mms[22m[39m
 [32mΓ£ô[39m src/__tests__/ui-integration/BatchRenameFlow.test.tsx [2m([22m[2m1 test[22m[2m)[22m[33m 2349[2mms[22m[39m
     [33m[2mΓ£ô[22m[39m allows pattern configuration and applies it to custom processing [33m 2343[2mms[22m[39m
 [32mΓ£ô[39m src/__tests__/ui-integration/TemplateProcessingFlow.test.tsx [2m([22m[2m1 test[22m[2m)[22m[33m 6826[2mms[22m[39m
     [33m[2mΓ£ô[22m[39m allows user to select templates and process [33m 6821[2mms[22m[39m
 [32mΓ£ô[39m src/__tests__/ui-integration/WatermarkFlow.test.tsx [2m([22m[2m1 test[22m[2m)[22m[33m 6981[2mms[22m[39m
     [33m[2mΓ£ô[22m[39m allows user to apply watermark settings [33m 6977[2mms[22m[39m
 [32mΓ£ô[39m src/__tests__/ui-integration/FaviconsFlow.test.tsx [2m([22m[2m1 test[22m[2m)[22m[33m 7322[2mms[22m[39m
     [33m[2mΓ£ô[22m[39m allows user to generate favicons [33m 7315[2mms[22m[39m
 [32mΓ£ô[39m src/processors/__tests__/imageProcessor.test.ts [2m([22m[2m3 tests[22m[2m)[22m[32m 14[2mms[22m[39m
 [32mΓ£ô[39m src/utils/__tests__/languageUtils.test.ts [2m([22m[2m9 tests[22m[2m)[22m[32m 15[2mms[22m[39m
 [32mΓ£ô[39m src/utils/__tests__/createProcessingSummary.test.ts [2m([22m[2m2 tests[22m[2m)[22m[32m 11[2mms[22m[39m
 [32mΓ£ô[39m src/utils/__tests__/memoryUtils.test.ts [2m([22m[2m3 tests[22m[2m)[22m[32m 14[2mms[22m[39m
 [32mΓ£ô[39m src/utils/__tests__/generalUtils.test.ts [2m([22m[2m8 tests[22m[2m)[22m[32m 12[2mms[22m[39m
 [32mΓ£ô[39m src/__tests__/ui-integration/ScreenShotsFlow.test.tsx [2m([22m[2m2 tests[22m[2m)[22m[32m 143[2mms[22m[39m
 [32mΓ£ô[39m src/processors/__tests__/resizeProcessor.test.ts [2m([22m[2m2 tests[22m[2m)[22m[32m 5[2mms[22m[39m
 [32mΓ£ô[39m src/__tests__/ui-integration/Sanity.test.tsx [2m([22m[2m1 test[22m[2m)[22m[32m 70[2mms[22m[39m
node.exe : 
At line:1 char:1
+ & "C:\Program 
Files\nodejs/node.exe" "C:
\Users\lemtr\AppData\Roami
ng\ ...
+ ~~~~~~~~~~~~~~~~~~~~~~~~
~~~~~~~~~~~~~~~~~~~~~~~~~~
~~~~~~~~~~~~~~~~~~~
    + CategoryInfo        
      : NotSpecified: (:  
  String) [], RemoteExc   
 eption
    + FullyQualifiedError 
   Id : NativeCommandErr  
  or
 
[31mΓÄ»ΓÄ»ΓÄ»ΓÄ»ΓÄ»ΓÄ»[3
9m[1m[41m Failed Suites 
1 [49m[22m[31mΓÄ»ΓÄ»ΓÄ»
ΓÄ»ΓÄ»ΓÄ»ΓÄ»[39m

[41m[1m FAIL [22m[49m 
src/__tests__/ui-integrati
on/ColorCorrectionFlow.tes
t.tsx[2m [ src/__tests__/
ui-integration/ColorCorrec
tionFlow.test.tsx ][22m
[31m[1mError[22m: 
Failed to resolve import 
"../ColorCorrectionCard" 
from "src/__tests__/ui-int
egration/ColorCorrectionFl
ow.test.tsx". Does the 
file exist?[39m
  Plugin: [35mvite:import
-analysis[39m
  File: [36mC:/Developmen
t/webapps/react/image-lemg
endizer-old/src/__tests__/
ui-integration/ColorCorrec
tionFlow.test.tsx[39m:4:0
[33m  6  |  const 
__vi_import_0__ = await im
port("react/jsx-dev-runtim
e");
  7  |  const 
__vi_import_1__ = await im
port("@testing-library/rea
ct");
  8  |  const 
__vi_import_2__ = await im
port("../ColorCorrectionCa
rd");
     |                    
                   ^
  9  |  const 
__vi_import_3__ = await im
port("../../context/Proces
singContext");
  10 |  "use strict";[39m
[90m [2mΓ¥»[22m Transfo
rmPluginContext._formatLog
 node_modules/vite/dist/no
de/chunks/config.js:[2m28
999:43[22m[39m
[90m [2mΓ¥»[22m Transfo
rmPluginContext.error node
_modules/vite/dist/node/ch
unks/config.js:[2m28996:1
4[22m[39m
[90m [2mΓ¥»[22m 
normalizeUrl node_modules/
vite/dist/node/chunks/conf
ig.js:[2m27119:18[22m[3
9m
[90m [2mΓ¥»[22m node_mo
dules/vite/dist/node/chunk
s/config.js:[2m27177:32[
22m[39m
[90m [2mΓ¥»[22m Transfo
rmPluginContext.transform 
node_modules/vite/dist/nod
e/chunks/config.js:[2m271
45:4[22m[39m
[90m [2mΓ¥»[22m Environ
mentPluginContainer.transf
orm node_modules/vite/dist
/node/chunks/config.js:[2
m28797:14[22m[39m
[90m [2mΓ¥»[22m 
loadAndTransform node_modu
les/vite/dist/node/chunks/
config.js:[2m22670:26[22
m[39m

[31m[2mΓÄ»ΓÄ»ΓÄ»ΓÄ»ΓÄ»ΓÄ
»ΓÄ»ΓÄ»ΓÄ»ΓÄ»ΓÄ»ΓÄ»ΓÄ»ΓÄ»Γ
Ä»ΓÄ»ΓÄ»ΓÄ»ΓÄ»ΓÄ»ΓÄ»ΓÄ»ΓÄ»
ΓÄ»[1/1]ΓÄ»[22m[39m


[2m Test Files [22m [1m[31m1 failed[39m[22m[2m | [22m[1m[32m28 passed[39m[22m[90m (29)[39m
[2m      Tests [22m [1m[32m125 passed[39m[22m[90m (125)[39m
[2m   Start at [22m 09:56:00
[2m   Duration [22m 23.10s[2m (transform 43.27s, setup 33.97s, import 55.60s, tests 40.00s, environment 81.27s)[22m

